// Jest Snapshot v1, https://goo.gl/fbAQLP

exports[`<AddToCart /> Renders and matches the Snapshot 1`] = `
<button
  disabled={false}
  onClick={[Function]}
>
  Add
   to Cart ðŸ›’
</button>
`;
