// Jest Snapshot v1, https://goo.gl/fbAQLP

exports[`<Cart /> Renders and matches snappy 1`] = `
<header>
  <CloseButton
    onClick={[Function]}
    title="close"
  >
    <button
      className="CloseButton-sc-8a8g5q-0 dggsZR"
      onClick={[Function]}
      title="close"
    >
      Ã—
    </button>
  </CloseButton>
  <Supreme>
    <h3
      className="Supreme-sc-119fr2c-0 gbobMN"
    >
      Miss Coleman Berge
      's Cart
    </h3>
  </Supreme>
  <p>
    You have 
    1
     item
     in your cart.
  </p>
</header>
`;
