// Jest Snapshot v1, https://goo.gl/fbAQLP

exports[`<RemoveFromCart /> Renders and matches Snapshot 1`] = `
<button
  className="RemoveFromCart__BigButton-sc-13oi9uo-0 eHXNJA"
  onClick={[Function]}
  title="Delete Item"
>
  Ã—
</button>
`;
